[INFO] Scanning for projects...
[INFO] 
[INFO] -------------------< com.mangban:blindplate-server >--------------------
[INFO] Building blindplate-server 0.0.1-SNAPSHOT
[INFO]   from pom.xml
[INFO] --------------------------------[ jar ]---------------------------------
[INFO] 
[INFO] >>> spring-boot:3.2.5:run (default-cli) > test-compile @ blindplate-server >>>
[INFO] 
[INFO] --- resources:3.3.1:resources (default-resources) @ blindplate-server ---
[INFO] Copying 3 resources from src\main\resources to target\classes
[INFO] Copying 0 resource from src\main\resources to target\classes
[INFO] 
[INFO] --- compiler:3.11.0:compile (default-compile) @ blindplate-server ---
[INFO] Nothing to compile - all classes are up to date
[INFO] 
[INFO] --- resources:3.3.1:testResources (default-testResources) @ blindplate-server ---
[INFO] Copying 1 resource from src\test\resources to target\test-classes
[INFO] 
[INFO] --- compiler:3.11.0:testCompile (default-testCompile) @ blindplate-server ---
[INFO] Nothing to compile - all classes are up to date
[INFO] 
[INFO] <<< spring-boot:3.2.5:run (default-cli) < test-compile @ blindplate-server <<<
[INFO] 
[INFO] 
[INFO] --- spring-boot:3.2.5:run (default-cli) @ blindplate-server ---
[INFO] Attaching agents: []

  .   ____          _            __ _ _
 /\\ / ___'_ __ _ _(_)_ __  __ _ \ \ \ \
( ( )\___ | '_ | '_| | '_ \/ _` | \ \ \ \
 \\/  ___)| |_)| | | | | || (_| |  ) ) ) )
  '  |____| .__|_| |_|_| |_\__, | / / / /
 =========|_|==============|___/=/_/_/_/
 :: Spring Boot ::                (v3.2.5)

2026-07-23T14:53:15.423+08:00  INFO 2700 --- [           main] com.mangban.BlindPlateApplication        : Starting BlindPlateApplication using Java 17.0.2 with PID 2700 (D:\aicoder\mangban\blindplate-server\target\classes started by lwm in D:\aicoder\mangban\blindplate-server)
2026-07-23T14:53:15.450+08:00  INFO 2700 --- [           main] com.mangban.BlindPlateApplication        : The following 1 profile is active: "postgres"
2026-07-23T14:53:16.317+08:00  INFO 2700 --- [           main] .s.d.r.c.RepositoryConfigurationDelegate : Bootstrapping Spring Data JPA repositories in DEFAULT mode.
2026-07-23T14:53:16.427+08:00  INFO 2700 --- [           main] .s.d.r.c.RepositoryConfigurationDelegate : Finished Spring Data repository scanning in 101 ms. Found 15 JPA repository interfaces.
2026-07-23T14:53:17.264+08:00  INFO 2700 --- [           main] o.s.b.w.embedded.tomcat.TomcatWebServer  : Tomcat initialized with port 8080 (http)
2026-07-23T14:53:17.282+08:00  INFO 2700 --- [           main] o.apache.catalina.core.StandardService   : Starting service [Tomcat]
2026-07-23T14:53:17.285+08:00  INFO 2700 --- [           main] o.apache.catalina.core.StandardEngine    : Starting Servlet engine: [Apache Tomcat/10.1.20]
2026-07-23T14:53:17.377+08:00  INFO 2700 --- [           main] o.a.c.c.C.[Tomcat].[localhost].[/]       : Initializing Spring embedded WebApplicationContext
2026-07-23T14:53:17.407+08:00  INFO 2700 --- [           main] w.s.c.ServletWebServerApplicationContext : Root WebApplicationContext: initialization completed in 1892 ms
2026-07-23T14:53:17.688+08:00  INFO 2700 --- [           main] o.hibernate.jpa.internal.util.LogHelper  : HHH000204: Processing PersistenceUnitInfo [name: default]
2026-07-23T14:53:17.807+08:00  INFO 2700 --- [           main] org.hibernate.Version                    : HHH000412: Hibernate ORM core version 6.4.4.Final
2026-07-23T14:53:17.851+08:00  INFO 2700 --- [           main] o.h.c.internal.RegionFactoryInitiator    : HHH000026: Second-level cache disabled
2026-07-23T14:53:18.214+08:00  INFO 2700 --- [           main] o.s.o.j.p.SpringPersistenceUnitInfo      : No LoadTimeWeaver setup: ignoring JPA class transformer
2026-07-23T14:53:18.245+08:00  INFO 2700 --- [           main] com.zaxxer.hikari.HikariDataSource       : HikariPool-1 - Starting...
2026-07-23T14:53:18.478+08:00  INFO 2700 --- [           main] com.zaxxer.hikari.pool.HikariPool        : HikariPool-1 - Added connection org.postgresql.jdbc.PgConnection@5e0f2c82
2026-07-23T14:53:18.543+08:00  INFO 2700 --- [           main] com.zaxxer.hikari.HikariDataSource       : HikariPool-1 - Start completed.
2026-07-23T14:53:18.592+08:00  WARN 2700 --- [           main] org.hibernate.orm.deprecation            : HHH90000025: PostgreSQLDialect does not need to be specified explicitly using 'hibernate.dialect' (remove the property setting and it will be selected by default)
2026-07-23T14:53:20.040+08:00  INFO 2700 --- [           main] o.h.e.t.j.p.i.JtaPlatformInitiator       : HHH000489: No JTA platform available (set 'hibernate.transaction.jta.platform' to enable JTA platform integration)
2026-07-23T14:53:20.128+08:00  INFO 2700 --- [           main] j.LocalContainerEntityManagerFactoryBean : Initialized JPA EntityManagerFactory for persistence unit 'default'
2026-07-23T14:53:20.502+08:00  INFO 2700 --- [           main] o.s.d.j.r.query.QueryEnhancerFactory     : Hibernate is in classpath; If applicable, HQL parser will be used.
2026-07-23T14:53:21.340+08:00  WARN 2700 --- [           main] JpaBaseConfiguration$JpaWebConfiguration : spring.jpa.open-in-view is enabled by default. Therefore, database queries may be performed during view rendering. Explicitly configure spring.jpa.open-in-view to disable this warning
2026-07-23T14:53:21.416+08:00  WARN 2700 --- [           main] .s.s.UserDetailsServiceAutoConfiguration : 

Using generated security password: 92bf296d-9e0b-4f90-a98a-c90530dbf203

This generated password is for development use only. Your security configuration must be updated before running your application in production.

2026-07-23T14:53:21.838+08:00  INFO 2700 --- [           main] o.s.s.web.DefaultSecurityFilterChain     : Will secure any request with [org.springframework.security.web.session.DisableEncodeUrlFilter@60a3a0fa, org.springframework.security.web.context.request.async.WebAsyncManagerIntegrationFilter@17734113, org.springframework.security.web.context.SecurityContextHolderFilter@119d21ce, org.springframework.security.web.header.HeaderWriterFilter@5cea34e6, org.springframework.web.filter.CorsFilter@9f86dc3, org.springframework.security.web.authentication.logout.LogoutFilter@1ef6977b, com.mangban.auth.config.JwtAuthFilter@54a2d96e, org.springframework.security.web.savedrequest.RequestCacheAwareFilter@667713c4, org.springframework.security.web.servletapi.SecurityContextHolderAwareRequestFilter@6f67312d, org.springframework.security.web.authentication.AnonymousAuthenticationFilter@27aa700, org.springframework.security.web.session.SessionManagementFilter@19574274, org.springframework.security.web.access.ExceptionTranslationFilter@5f5c2451, org.springframework.security.web.access.intercept.AuthorizationFilter@64b262a7]
2026-07-23T14:53:22.120+08:00  WARN 2700 --- [           main] ConfigServletWebServerApplicationContext : Exception encountered during context initialization - cancelling refresh attempt: org.springframework.context.ApplicationContextException: Failed to start bean 'webServerStartStop'
2026-07-23T14:53:22.125+08:00  INFO 2700 --- [           main] j.LocalContainerEntityManagerFactoryBean : Closing JPA EntityManagerFactory for persistence unit 'default'
2026-07-23T14:53:22.129+08:00  INFO 2700 --- [           main] com.zaxxer.hikari.HikariDataSource       : HikariPool-1 - Shutdown initiated...
2026-07-23T14:53:22.138+08:00  INFO 2700 --- [           main] com.zaxxer.hikari.HikariDataSource       : HikariPool-1 - Shutdown completed.
2026-07-23T14:53:22.153+08:00  INFO 2700 --- [           main] .s.b.a.l.ConditionEvaluationReportLogger : 

Error starting ApplicationContext. To display the condition evaluation report re-run your application with 'debug' enabled.
2026-07-23T14:53:22.172+08:00 ERROR 2700 --- [           main] o.s.b.d.LoggingFailureAnalysisReporter   : 

***************************
APPLICATION FAILED TO START
***************************

Description:

Web server failed to start. Port 8080 was already in use.

Action:

Identify and stop the process that's listening on port 8080 or configure this application to listen on another port.

[INFO] ------------------------------------------------------------------------
[INFO] BUILD FAILURE
[INFO] ------------------------------------------------------------------------
[INFO] Total time:  11.357 s
[INFO] Finished at: 2026-07-23T14:53:22+08:00
[INFO] ------------------------------------------------------------------------
[ERROR] Failed to execute goal org.springframework.boot:spring-boot-maven-plugin:3.2.5:run (default-cli) on project blindplate-server: Process terminated with exit code: 1 -> [Help 1]
[ERROR] 
[ERROR] To see the full stack trace of the errors, re-run Maven with the -e switch.
[ERROR] Re-run Maven using the -X switch to enable full debug logging.
[ERROR] 
[ERROR] For more information about the errors and possible solutions, please read the following articles:
[ERROR] [Help 1] http://cwiki.apache.org/confluence/display/MAVEN/MojoExecutionException
